  Determining projects to restore...
  Restored D:\Download\FuturesSystem2023-Mar-22\future\MtpApp.csproj (in 2.66 sec).
C:\Program Files\dotnet\sdk\10.0.200-preview.0.26103.119\Sdks\Microsoft.NET.Sdk\targets\Microsoft.NET.RuntimeIdentifierInference.targets(383,5): message NETSDK1057: You are using a preview version of .NET. See: https://aka.ms/dotnet-support-policy [D:\Download\FuturesSystem2023-Mar-22\future\MtpApp.csproj]
C:\Program Files\dotnet\sdk\10.0.200-preview.0.26103.119\Microsoft.Common.CurrentVersion.targets(5395,5): warning MSB3026: Could not copy "D:\Download\FuturesSystem2023-Mar-22\future\obj\Debug\net8.0\apphost.exe" to "bin\Debug\net8.0\MtpApp.exe". Beginning retry 1 in 1000ms. The process cannot access the file 'D:\Download\FuturesSystem2023-Mar-22\future\bin\Debug\net8.0\MtpApp.exe' because it is being used by another process. The file is locked by: "MtpApp (14308)" [D:\Download\FuturesSystem2023-Mar-22\future\MtpApp.csproj]
C:\Program Files\dotnet\sdk\10.0.200-preview.0.26103.119\Microsoft.Common.CurrentVersion.targets(5395,5): warning MSB3026: Could not copy "D:\Download\FuturesSystem2023-Mar-22\future\obj\Debug\net8.0\apphost.exe" to "bin\Debug\net8.0\MtpApp.exe". Beginning retry 2 in 1000ms. The process cannot access the file 'D:\Download\FuturesSystem2023-Mar-22\future\bin\Debug\net8.0\MtpApp.exe' because it is being used by another process. The file is locked by: "MtpApp (14308)" [D:\Download\FuturesSystem2023-Mar-22\future\MtpApp.csproj]
C:\Program Files\dotnet\sdk\10.0.200-preview.0.26103.119\Microsoft.Common.CurrentVersion.targets(5395,5): warning MSB3026: Could not copy "D:\Download\FuturesSystem2023-Mar-22\future\obj\Debug\net8.0\apphost.exe" to "bin\Debug\net8.0\MtpApp.exe". Beginning retry 3 in 1000ms. The process cannot access the file 'D:\Download\FuturesSystem2023-Mar-22\future\bin\Debug\net8.0\MtpApp.exe' because it is being used by another process. The file is locked by: "MtpApp (14308)" [D:\Download\FuturesSystem2023-Mar-22\future\MtpApp.csproj]
C:\Program Files\dotnet\sdk\10.0.200-preview.0.26103.119\Microsoft.Common.CurrentVersion.targets(5395,5): warning MSB3026: Could not copy "D:\Download\FuturesSystem2023-Mar-22\future\obj\Debug\net8.0\apphost.exe" to "bin\Debug\net8.0\MtpApp.exe". Beginning retry 4 in 1000ms. The process cannot access the file 'D:\Download\FuturesSystem2023-Mar-22\future\bin\Debug\net8.0\MtpApp.exe' because it is being used by another process. The file is locked by: "MtpApp (14308)" [D:\Download\FuturesSystem2023-Mar-22\future\MtpApp.csproj]
C:\Program Files\dotnet\sdk\10.0.200-preview.0.26103.119\Microsoft.Common.CurrentVersion.targets(5395,5): warning MSB3026: Could not copy "D:\Download\FuturesSystem2023-Mar-22\future\obj\Debug\net8.0\apphost.exe" to "bin\Debug\net8.0\MtpApp.exe". Beginning retry 5 in 1000ms. The process cannot access the file 'D:\Download\FuturesSystem2023-Mar-22\future\bin\Debug\net8.0\MtpApp.exe' because it is being used by another process. The file is locked by: "MtpApp (14308)" [D:\Download\FuturesSystem2023-Mar-22\future\MtpApp.csproj]
C:\Program Files\dotnet\sdk\10.0.200-preview.0.26103.119\Microsoft.Common.CurrentVersion.targets(5395,5): warning MSB3026: Could not copy "D:\Download\FuturesSystem2023-Mar-22\future\obj\Debug\net8.0\apphost.exe" to "bin\Debug\net8.0\MtpApp.exe". Beginning retry 6 in 1000ms. The process cannot access the file 'D:\Download\FuturesSystem2023-Mar-22\future\bin\Debug\net8.0\MtpApp.exe' because it is being used by another process. The file is locked by: "MtpApp (14308)" [D:\Download\FuturesSystem2023-Mar-22\future\MtpApp.csproj]
C:\Program Files\dotnet\sdk\10.0.200-preview.0.26103.119\Microsoft.Common.CurrentVersion.targets(5395,5): warning MSB3026: Could not copy "D:\Download\FuturesSystem2023-Mar-22\future\obj\Debug\net8.0\apphost.exe" to "bin\Debug\net8.0\MtpApp.exe". Beginning retry 7 in 1000ms. The process cannot access the file 'D:\Download\FuturesSystem2023-Mar-22\future\bin\Debug\net8.0\MtpApp.exe' because it is being used by another process. The file is locked by: "MtpApp (14308)" [D:\Download\FuturesSystem2023-Mar-22\future\MtpApp.csproj]
C:\Program Files\dotnet\sdk\10.0.200-preview.0.26103.119\Microsoft.Common.CurrentVersion.targets(5395,5): warning MSB3026: Could not copy "D:\Download\FuturesSystem2023-Mar-22\future\obj\Debug\net8.0\apphost.exe" to "bin\Debug\net8.0\MtpApp.exe". Beginning retry 8 in 1000ms. The process cannot access the file 'D:\Download\FuturesSystem2023-Mar-22\future\bin\Debug\net8.0\MtpApp.exe' because it is being used by another process. The file is locked by: "MtpApp (14308)" [D:\Download\FuturesSystem2023-Mar-22\future\MtpApp.csproj]
C:\Program Files\dotnet\sdk\10.0.200-preview.0.26103.119\Microsoft.Common.CurrentVersion.targets(5395,5): warning MSB3026: Could not copy "D:\Download\FuturesSystem2023-Mar-22\future\obj\Debug\net8.0\apphost.exe" to "bin\Debug\net8.0\MtpApp.exe". Beginning retry 9 in 1000ms. The process cannot access the file 'D:\Download\FuturesSystem2023-Mar-22\future\bin\Debug\net8.0\MtpApp.exe' because it is being used by another process. The file is locked by: "MtpApp (14308)" [D:\Download\FuturesSystem2023-Mar-22\future\MtpApp.csproj]
C:\Program Files\dotnet\sdk\10.0.200-preview.0.26103.119\Microsoft.Common.CurrentVersion.targets(5395,5): warning MSB3026: Could not copy "D:\Download\FuturesSystem2023-Mar-22\future\obj\Debug\net8.0\apphost.exe" to "bin\Debug\net8.0\MtpApp.exe". Beginning retry 10 in 1000ms. The process cannot access the file 'D:\Download\FuturesSystem2023-Mar-22\future\bin\Debug\net8.0\MtpApp.exe' because it is being used by another process. The file is locked by: "MtpApp (14308)" [D:\Download\FuturesSystem2023-Mar-22\future\MtpApp.csproj]
C:\Program Files\dotnet\sdk\10.0.200-preview.0.26103.119\Microsoft.Common.CurrentVersion.targets(5395,5): error MSB3027: Could not copy "D:\Download\FuturesSystem2023-Mar-22\future\obj\Debug\net8.0\apphost.exe" to "bin\Debug\net8.0\MtpApp.exe". Exceeded retry count of 10. Failed. The file is locked by: "MtpApp (14308)" [D:\Download\FuturesSystem2023-Mar-22\future\MtpApp.csproj]
C:\Program Files\dotnet\sdk\10.0.200-preview.0.26103.119\Microsoft.Common.CurrentVersion.targets(5395,5): error MSB3021: Unable to copy file "D:\Download\FuturesSystem2023-Mar-22\future\obj\Debug\net8.0\apphost.exe" to "bin\Debug\net8.0\MtpApp.exe". The process cannot access the file 'D:\Download\FuturesSystem2023-Mar-22\future\bin\Debug\net8.0\MtpApp.exe' because it is being used by another process. [D:\Download\FuturesSystem2023-Mar-22\future\MtpApp.csproj]

Build FAILED.

C:\Program Files\dotnet\sdk\10.0.200-preview.0.26103.119\Microsoft.Common.CurrentVersion.targets(5395,5): warning MSB3026: Could not copy "D:\Download\FuturesSystem2023-Mar-22\future\obj\Debug\net8.0\apphost.exe" to "bin\Debug\net8.0\MtpApp.exe". Beginning retry 1 in 1000ms. The process cannot access the file 'D:\Download\FuturesSystem2023-Mar-22\future\bin\Debug\net8.0\MtpApp.exe' because it is being used by another process. The file is locked by: "MtpApp (14308)" [D:\Download\FuturesSystem2023-Mar-22\future\MtpApp.csproj]
C:\Program Files\dotnet\sdk\10.0.200-preview.0.26103.119\Microsoft.Common.CurrentVersion.targets(5395,5): warning MSB3026: Could not copy "D:\Download\FuturesSystem2023-Mar-22\future\obj\Debug\net8.0\apphost.exe" to "bin\Debug\net8.0\MtpApp.exe". Beginning retry 2 in 1000ms. The process cannot access the file 'D:\Download\FuturesSystem2023-Mar-22\future\bin\Debug\net8.0\MtpApp.exe' because it is being used by another process. The file is locked by: "MtpApp (14308)" [D:\Download\FuturesSystem2023-Mar-22\future\MtpApp.csproj]
C:\Program Files\dotnet\sdk\10.0.200-preview.0.26103.119\Microsoft.Common.CurrentVersion.targets(5395,5): warning MSB3026: Could not copy "D:\Download\FuturesSystem2023-Mar-22\future\obj\Debug\net8.0\apphost.exe" to "bin\Debug\net8.0\MtpApp.exe". Beginning retry 3 in 1000ms. The process cannot access the file 'D:\Download\FuturesSystem2023-Mar-22\future\bin\Debug\net8.0\MtpApp.exe' because it is being used by another process. The file is locked by: "MtpApp (14308)" [D:\Download\FuturesSystem2023-Mar-22\future\MtpApp.csproj]
C:\Program Files\dotnet\sdk\10.0.200-preview.0.26103.119\Microsoft.Common.CurrentVersion.targets(5395,5): warning MSB3026: Could not copy "D:\Download\FuturesSystem2023-Mar-22\future\obj\Debug\net8.0\apphost.exe" to "bin\Debug\net8.0\MtpApp.exe". Beginning retry 4 in 1000ms. The process cannot access the file 'D:\Download\FuturesSystem2023-Mar-22\future\bin\Debug\net8.0\MtpApp.exe' because it is being used by another process. The file is locked by: "MtpApp (14308)" [D:\Download\FuturesSystem2023-Mar-22\future\MtpApp.csproj]
C:\Program Files\dotnet\sdk\10.0.200-preview.0.26103.119\Microsoft.Common.CurrentVersion.targets(5395,5): warning MSB3026: Could not copy "D:\Download\FuturesSystem2023-Mar-22\future\obj\Debug\net8.0\apphost.exe" to "bin\Debug\net8.0\MtpApp.exe". Beginning retry 5 in 1000ms. The process cannot access the file 'D:\Download\FuturesSystem2023-Mar-22\future\bin\Debug\net8.0\MtpApp.exe' because it is being used by another process. The file is locked by: "MtpApp (14308)" [D:\Download\FuturesSystem2023-Mar-22\future\MtpApp.csproj]
C:\Program Files\dotnet\sdk\10.0.200-preview.0.26103.119\Microsoft.Common.CurrentVersion.targets(5395,5): warning MSB3026: Could not copy "D:\Download\FuturesSystem2023-Mar-22\future\obj\Debug\net8.0\apphost.exe" to "bin\Debug\net8.0\MtpApp.exe". Beginning retry 6 in 1000ms. The process cannot access the file 'D:\Download\FuturesSystem2023-Mar-22\future\bin\Debug\net8.0\MtpApp.exe' because it is being used by another process. The file is locked by: "MtpApp (14308)" [D:\Download\FuturesSystem2023-Mar-22\future\MtpApp.csproj]
C:\Program Files\dotnet\sdk\10.0.200-preview.0.26103.119\Microsoft.Common.CurrentVersion.targets(5395,5): warning MSB3026: Could not copy "D:\Download\FuturesSystem2023-Mar-22\future\obj\Debug\net8.0\apphost.exe" to "bin\Debug\net8.0\MtpApp.exe". Beginning retry 7 in 1000ms. The process cannot access the file 'D:\Download\FuturesSystem2023-Mar-22\future\bin\Debug\net8.0\MtpApp.exe' because it is being used by another process. The file is locked by: "MtpApp (14308)" [D:\Download\FuturesSystem2023-Mar-22\future\MtpApp.csproj]
C:\Program Files\dotnet\sdk\10.0.200-preview.0.26103.119\Microsoft.Common.CurrentVersion.targets(5395,5): warning MSB3026: Could not copy "D:\Download\FuturesSystem2023-Mar-22\future\obj\Debug\net8.0\apphost.exe" to "bin\Debug\net8.0\MtpApp.exe". Beginning retry 8 in 1000ms. The process cannot access the file 'D:\Download\FuturesSystem2023-Mar-22\future\bin\Debug\net8.0\MtpApp.exe' because it is being used by another process. The file is locked by: "MtpApp (14308)" [D:\Download\FuturesSystem2023-Mar-22\future\MtpApp.csproj]
C:\Program Files\dotnet\sdk\10.0.200-preview.0.26103.119\Microsoft.Common.CurrentVersion.targets(5395,5): warning MSB3026: Could not copy "D:\Download\FuturesSystem2023-Mar-22\future\obj\Debug\net8.0\apphost.exe" to "bin\Debug\net8.0\MtpApp.exe". Beginning retry 9 in 1000ms. The process cannot access the file 'D:\Download\FuturesSystem2023-Mar-22\future\bin\Debug\net8.0\MtpApp.exe' because it is being used by another process. The file is locked by: "MtpApp (14308)" [D:\Download\FuturesSystem2023-Mar-22\future\MtpApp.csproj]
C:\Program Files\dotnet\sdk\10.0.200-preview.0.26103.119\Microsoft.Common.CurrentVersion.targets(5395,5): warning MSB3026: Could not copy "D:\Download\FuturesSystem2023-Mar-22\future\obj\Debug\net8.0\apphost.exe" to "bin\Debug\net8.0\MtpApp.exe". Beginning retry 10 in 1000ms. The process cannot access the file 'D:\Download\FuturesSystem2023-Mar-22\future\bin\Debug\net8.0\MtpApp.exe' because it is being used by another process. The file is locked by: "MtpApp (14308)" [D:\Download\FuturesSystem2023-Mar-22\future\MtpApp.csproj]
C:\Program Files\dotnet\sdk\10.0.200-preview.0.26103.119\Microsoft.Common.CurrentVersion.targets(5395,5): error MSB3027: Could not copy "D:\Download\FuturesSystem2023-Mar-22\future\obj\Debug\net8.0\apphost.exe" to "bin\Debug\net8.0\MtpApp.exe". Exceeded retry count of 10. Failed. The file is locked by: "MtpApp (14308)" [D:\Download\FuturesSystem2023-Mar-22\future\MtpApp.csproj]
C:\Program Files\dotnet\sdk\10.0.200-preview.0.26103.119\Microsoft.Common.CurrentVersion.targets(5395,5): error MSB3021: Unable to copy file "D:\Download\FuturesSystem2023-Mar-22\future\obj\Debug\net8.0\apphost.exe" to "bin\Debug\net8.0\MtpApp.exe". The process cannot access the file 'D:\Download\FuturesSystem2023-Mar-22\future\bin\Debug\net8.0\MtpApp.exe' because it is being used by another process. [D:\Download\FuturesSystem2023-Mar-22\future\MtpApp.csproj]
    10 Warning(s)
    2 Error(s)

Time Elapsed 00:00:18.39
